// Vitest Snapshot v1

exports[`TableFactory > should create table 1`] = `
ResultType {
  Symbol(Val): Table {
    "id": TableId {
      "props": {
        "value": "table",
      },
    },
    "name": TableName {
      "props": {
        "value": "table",
      },
    },
    "schema": TableSchema {
      "props": [
        StringField {
          "props": {
            "id": FieldId {
              "props": {
                "value": "field1",
              },
            },
            "name": FieldName {
              "props": {
                "value": "field1",
              },
            },
            "valueConstrains": FieldValueConstraints {
              "props": {
                "required": undefined,
              },
            },
          },
          "type": "string",
        },
      ],
    },
    "views": Views {
      "props": [
        View {
          "props": {
            "calendar": undefined,
            "displayType": "grid",
            "fieldOptions": ViewFieldOptions {
              "props": Map {},
            },
            "fieldsOrder": undefined,
            "filter": undefined,
            "kanban": undefined,
            "name": ViewName {
              "props": {
                "value": "table",
              },
            },
          },
        },
      ],
    },
  },
  Symbol(T): true,
}
`;
