// Vitest Snapshot v1

exports[`Table > createField > should add new field 1`] = `
Table {
  "id": TableId {
    "props": {
      "value": "tableId",
    },
  },
  "name": TableName {
    "props": {
      "value": "name",
    },
  },
  "schema": TableSchema {
    "props": [
      StringField {
        "props": {
          "id": FieldId {
            "props": {
              "value": "field1",
            },
          },
          "name": FieldName {
            "props": {
              "value": "field1",
            },
          },
          "valueConstrains": FieldValueConstraints {
            "props": {
              "required": undefined,
            },
          },
        },
      },
      StringField {
        "props": {
          "id": FieldId {
            "props": {
              "value": "string",
            },
          },
          "name": FieldName {
            "props": {
              "value": "string",
            },
          },
          "valueConstrains": FieldValueConstraints {
            "props": {
              "required": undefined,
            },
          },
        },
      },
    ],
  },
  "views": Views {
    "props": [
      View {
        "props": {
          "calendar": undefined,
          "displayType": "grid",
          "fieldOptions": ViewFieldOptions {
            "props": Map {},
          },
          "fieldsOrder": undefined,
          "filter": undefined,
          "kanban": undefined,
          "name": ViewName {
            "props": {
              "value": "name",
            },
          },
        },
      },
    ],
  },
}
`;
