// Vitest Snapshot v1

exports[`dateRangeFieldValue 1`] = `
[ZodError: [
  {
    "code": "custom",
    "message": "date range value from should before value to",
    "path": []
  }
]]
`;

exports[`dateRangeFieldValue 2`] = `
[ZodError: [
  {
    "code": "custom",
    "message": "date range value from should before value to",
    "path": []
  }
]]
`;
